........................................................................ [  7%]
F....................................................................... [ 14%]
........................................................................ [ 21%]
........................................................................ [ 28%]
........................................................................ [ 35%]
........................................................................ [ 43%]
........................................................................ [ 50%]
........................................................................ [ 57%]
........................................................................ [ 64%]
........................................................................ [ 71%]
........................................................................ [ 78%]
........................................................................ [ 86%]
........................................................................ [ 93%]
...................................................................      [100%]
================================== FAILURES ===================================
______ TestConcurrentWebSocket.test_parallel_ws_within_connection_limit _______
tests\test_concurrent.py:169: in test_parallel_ws_within_connection_limit
    assert errors[i] is None, f"Client {i} failed: {errors[i]}"
E   AssertionError: Client 1 failed: Failed to save response
E   assert 'Failed to save response' is None
---------------------------- Captured stderr setup ----------------------------
2026-03-11 11:34:49.548 | DEBUG    | backend.core.config:load_config:592 - Loaded config from C:\\Users\\zagor\\Desktop\\omnia\\config\\default.yaml\n2026-03-11 11:34:50.480 | INFO     | backend.services.memory_service:initialize:179 - Opening memory DB at C:\\Users\\zagor\\Desktop\\omnia\\data\\memory.db\n2026-03-11 11:34:50.486 | INFO     | backend.services.memory_service:initialize:189 - Loaded sqlite-vec extension from C:\\Users\\zagor\\Desktop\\omnia\\backend\\.venv\\Lib\\site-packages\\sqlite_vec\\vec0.dll\n2026-03-11 11:34:50.940 | WARNING  | backend.services.embedding_client:__init__:201 - embedding_fallback is enabled but the configured embedding_dim (1024) does not match fastembed's default model dimensions (384). Fallback is disabled \u2014 configure an embedding model with 384 dims or set embedding_fallback: false.\n2026-03-11 11:34:50.940 | INFO     | backend.services.memory_service:initialize:215 - MemoryService ready (model=text-embedding-mxbai-embed-large-v1, dim=1024)\n2026-03-11 11:34:50.940 | INFO     | backend.core.app:_lifespan:116 - Memory service started\n2026-03-11 11:34:50.941 | INFO     | backend.services.stt_service:_load_model:181 - Loading STT model large-v3 on cuda (float16)\n2026-03-11 11:34:50.942 | DEBUG    | backend.services.stt_service:_register_nvidia_dlls:274 - Pre-loaded cuBLAS: cublas64_12.dll\n2026-03-11 11:34:50.943 | DEBUG    | backend.services.stt_service:_register_nvidia_dlls:274 - Pre-loaded cuBLAS: cublasLt64_12.dll\n2026-03-11 11:34:50.943 | DEBUG    | backend.services.stt_service:_register_nvidia_dlls:274 - Pre-loaded cuBLAS: nvblas64_12.dll\n2026-03-11 11:34:50.943 | DEBUG    | backend.services.stt_service:_register_nvidia_dlls:281 - Registered cuBLAS DLLs from: C:\\Users\\zagor\\Desktop\\omnia\\backend\\.venv\\Lib\\site-packages\\nvidia\\cublas\\bin\n2026-03-11 11:34:50.943 | DEBUG    | backend.services.stt_service:_register_nvidia_dlls:274 - Pre-loaded cuDNN: cudnn64_9.dll\n2026-03-11 11:34:50.943 | DEBUG    | backend.services.stt_service:_register_nvidia_dlls:274 - Pre-loaded cuDNN: cudnn_adv64_9.dll\n2026-03-11 11:34:50.943 | DEBUG    | backend.services.stt_service:_register_nvidia_dlls:274 - Pre-loaded cuDNN: cudnn_cnn64_9.dll\n2026-03-11 11:34:50.944 | DEBUG    | backend.services.stt_service:_register_nvidia_dlls:274 - Pre-loaded cuDNN: cudnn_engines_precompiled64_9.dll\n2026-03-11 11:34:50.944 | DEBUG    | backend.services.stt_service:_register_nvidia_dlls:274 - Pre-loaded cuDNN: cudnn_engines_runtime_compiled64_9.dll\n2026-03-11 11:34:50.944 | DEBUG    | backend.services.stt_service:_register_nvidia_dlls:274 - Pre-loaded cuDNN: cudnn_graph64_9.dll\n2026-03-11 11:34:50.944 | DEBUG    | backend.services.stt_service:_register_nvidia_dlls:274 - Pre-loaded cuDNN: cudnn_heuristic64_9.dll\n2026-03-11 11:34:50.944 | DEBUG    | backend.services.stt_service:_register_nvidia_dlls:274 - Pre-loaded cuDNN: cudnn_ops64_9.dll\n2026-03-11 11:34:50.944 | DEBUG    | backend.services.stt_service:_register_nvidia_dlls:281 - Registered cuDNN DLLs from: C:\\Users\\zagor\\Desktop\\omnia\\backend\\.venv\\Lib\\site-packages\\nvidia\\cudnn\\bin\n2026-03-11 11:34:58.808 | INFO     | backend.services.stt_service:_load_model:188 - STT model loaded\n2026-03-11 11:34:58.808 | INFO     | backend.core.app:_lifespan:132 - STT service started (engine=faster-whisper)\n2026-03-11 11:34:58.808 | INFO     | backend.services.tts_service:start:263 - Starting TTS service (engine=piper)\n2026-03-11 11:34:58.809 | INFO     | backend.services.tts_service:__init__:120 - Loading Piper voice: C:\\Users\\zagor\\Desktop\\omnia\\models\\tts\\it_IT-paola-medium.onnx\n2026-03-11 11:35:02.752 | INFO     | backend.services.tts_service:start:353 - TTS service ready (engine=piper)\n2026-03-11 11:35:02.752 | INFO     | backend.core.app:_lifespan:141 - TTS service started (engine=piper)\n2026-03-11 11:35:02.774 | INFO     | backend.services.vram_monitor:start:102 - VRAM monitor started (backend=pynvml)\n2026-03-11 11:35:02.774 | INFO     | backend.core.app:_lifespan:155 - VRAM monitor started\n2026-03-11 11:35:02.774 | DEBUG    | backend.core.event_bus:subscribe:112 - Subscribed _lifespan.<locals>._handle_vram_warning to 'vram.warning'\n2026-03-11 11:35:02.774 | DEBUG    | backend.core.event_bus:subscribe:112 - Subscribed _lifespan.<locals>._handle_vram_critical to 'vram.critical'\n2026-03-11 11:35:02.774 | INFO     | backend.services.task_scheduler:start:94 - TaskScheduler started (poll=30.0s, max_concurrent=2)\n2026-03-11 11:35:02.774 | INFO     | backend.core.app:_lifespan:215 - Task scheduler started (poll=30.0s)\n2026-03-11 11:35:02.774 | INFO     | backend.core.plugin_base:initialize:116 - Plugin initialised (v1.0.0, API 1.0.0)\n2026-03-11 11:35:02.774 | DEBUG    | backend.core.event_bus:emit:176 - Event 'plugin.loaded' fired \u2014 no handlers\n2026-03-11 11:35:02.774 | INFO     | backend.core.plugin_manager:startup:155 - Plugin 'memory' v1.0.0 initialised\n2026-03-11 11:35:02.774 | INFO     | backend.core.plugin_base:initialize:116 - Plugin initialised (v1.0.0, API 1.0.0)\n2026-03-11 11:35:02.774 | DEBUG    | backend.core.event_bus:emit:176 - Event 'plugin.loaded' fired \u2014 no handlers\n2026-03-11 11:35:02.774 | INFO     | backend.core.plugin_manager:startup:155 - Plugin 'system_info' v1.0.0 initialised\n2026-03-11 11:35:02.775 | INFO     | backend.core.plugin_base:initialize:116 - Plugin initialised (v1.0.0, API 1.0.0)\n2026-03-11 11:35:02.775 | DEBUG    | backend.core.event_bus:emit:176 - Event 'plugin.loaded' fired \u2014 no handlers\n2026-03-11 11:35:02.775 | INFO     | backend.core.plugin_manager:startup:155 - Plugin 'pc_automation' v1.0.0 initialised\n2026-03-11 11:35:02.775 | INFO     | backend.core.plugin_base:initialize:116 - Plugin initialised (v1.0.0, API 1.0.0)\n2026-03-11 11:35:03.199 | DEBUG    | backend.core.event_bus:emit:176 - Event 'plugin.loaded' fired \u2014 no handlers\n2026-03-11 11:35:03.200 | INFO     | backend.core.plugin_manager:startup:155 - Plugin 'web_search' v1.0.0 initialised\n2026-03-11 11:35:03.200 | INFO     | backend.core.plugin_base:initialize:116 - Plugin initialised (v1.0.0, API 1.0.0)\n2026-03-11 11:35:03.200 | DEBUG    | backend.core.event_bus:emit:176 - Event 'plugin.loaded' fired \u2014 no handlers\n2026-03-11 11:35:03.200 | INFO     | backend.core.plugin_manager:startup:155 - Plugin 'agent_task' v1.0.0 initialised\n2026-03-11 11:35:03.200 | INFO     | backend.core.plugin_base:initialize:116 - Plugin initialised (v1.0.0, API 1.0.0)\n2026-03-11 11:35:03.658 | INFO     | backend.plugins.weather.plugin:initialize:64 - Weather plugin ready (default_city=Rome, lang=it)\n2026-03-11 11:35:03.658 | DEBUG    | backend.core.event_bus:emit:176 - Event 'plugin.loaded' fired \u2014 no handlers\n2026-03-11 11:35:03.658 | INFO     | backend.core.plugin_manager:startup:155 - Plugin 'weather' v1.0.0 initialised\n2026-03-11 11:35:03.659 | INFO     | backend.core.plugin_base:initialize:116 - Plugin initialised (v1.0.0, API 1.0.0)\n2026-03-11 11:35:03.659 | INFO     | backend.plugins.calendar.plugin:initialize:190 - Calendar plugin ready (tz=Europe/Rome, reminder_interval=60s)\n2026-03-11 11:35:03.659 | DEBUG    | backend.core.event_bus:emit:176 - Event 'plugin.loaded' fired \u2014 no handlers\n2026-03-11 11:35:03.659 | INFO     | backend.core.plugin_manager:startup:155 - Plugin 'calendar' v1.0.0 initialised\n2026-03-11 11:35:03.659 | INFO     | backend.core.plugin_base:initialize:116 - Plugin initialised (v1.0.0, API 1.0.0)\n2026-03-11 11:35:03.660 | DEBUG    | backend.core.event_bus:emit:176 - Event 'plugin.loaded' fired \u2014 no handlers\n2026-03-11 11:35:03.660 | INFO     | backend.core.plugin_manager:startup:155 - Plugin 'media_control' v1.0.0 initialised\n2026-03-11 11:35:03.660 | INFO     | backend.core.plugin_base:initialize:116 - Plugin initialised (v1.0.0, API 1.0.0)\n2026-03-11 11:35:03.660 | DEBUG    | backend.core.event_bus:emit:176 - Event 'plugin.loaded' fired \u2014 no handlers\n2026-03-11 11:35:03.660 | INFO     | backend.core.plugin_manager:startup:155 - Plugin 'notifications' v1.0.0 initialised\n2026-03-11 11:35:03.660 | INFO     | backend.core.plugin_base:initialize:116 - Plugin initialised (v1.0.0, API 1.0.0)\n2026-03-11 11:35:03.661 | INFO     | backend.plugins.file_search.plugin:initialize:99 - file_search: allowed_paths=['C:\\\\'], forbidden_paths=['C:\\\\Windows', 'C:\\\\Program Files', 'C:\\\\Program Files (x86)', 'C:\\\\ProgramData']\n2026-03-11 11:35:03.662 | DEBUG    | backend.core.event_bus:emit:176 - Event 'plugin.loaded' fired \u2014 no handlers\n2026-03-11 11:35:03.662 | INFO     | backend.core.plugin_manager:startup:155 - Plugin 'file_search' v1.0.0 initialised\n2026-03-11 11:35:03.662 | INFO     | backend.core.plugin_base:initialize:116 - Plugin initialised (v1.0.0, API 1.0.0)\n2026-03-11 11:35:03.662 | DEBUG    | backend.core.event_bus:emit:176 - Event 'plugin.loaded' fired \u2014 no handlers\n2026-03-11 11:35:03.662 | INFO     | backend.core.plugin_manager:startup:155 - Plugin 'clipboard' v1.0.0 initialised\n2026-03-11 11:35:03.662 | INFO     | backend.core.plugin_base:initialize:116 - Plugin initialised (v1.0.0, API 1.0.0)\n2026-03-11 11:35:04.156 | DEBUG    | backend.core.event_bus:emit:176 - Event 'plugin.loaded' fired \u2014 no handlers\n2026-03-11 11:35:04.156 | INFO     | backend.core.plugin_manager:startup:155 - Plugin 'news' v1.0.0 initialised\n2026-03-11 11:35:04.173 | DEBUG    | backend.core.plugin_manager:_create_plugin_tables:733 - Created tables for 2 plugin model(s)\n2026-03-11 11:35:04.173 | DEBUG    | backend.plugins.calendar.plugin:on_app_startup:201 - Reminder loop started\n2026-03-11 11:35:04.176 | INFO     | backend.plugins.notifications.timer_manager:restore_timers:194 - Restored 0 timer(s) from DB\n2026-03-11 11:35:04.176 | DEBUG    | backend.core.event_bus:subscribe:112 - Subscribed NotificationsPlugin._on_calendar_reminder to 'calendar.reminder'\n2026-03-11 11:35:04.176 | INFO     | backend.core.plugin_manager:startup:190 - Plugin startup complete: 12/12 loaded\n2026-03-11 11:35:04.176 | WARNING  | backend.core.tool_registry:refresh:185 - Plugin 'agent_task': tool 'schedule_task' description is 696 chars (recommended \u2264512)\n2026-03-11 11:35:04.177 | INFO     | backend.core.tool_registry:refresh:246 - Tool registry refreshed: 53 tools from 12 plugins\n2026-03-11 11:35:04.177 | DEBUG    | backend.core.event_bus:subscribe:112 - Subscribed _task_bridge[task_scheduled] to 'task.scheduled'\n2026-03-11 11:35:04.177 | DEBUG    | backend.core.event_bus:subscribe:112 - Subscribed _task_bridge[task_started] to 'task.started'\n2026-03-11 11:35:04.177 | DEBUG    | backend.core.event_bus:subscribe:112 - Subscribed _task_bridge[task_completed] to 'task.completed'\n2026-03-11 11:35:04.177 | DEBUG    | backend.core.event_bus:subscribe:112 - Subscribed _task_bridge[task_failed] to 'task.failed'\n2026-03-11 11:35:04.177 | DEBUG    | backend.core.event_bus:subscribe:112 - Subscribed _task_bridge[task_cancelled] to 'task.cancelled'\n2026-03-11 11:35:04.177 | INFO     | backend.core.app:_lifespan:273 - OMNIA backend started (v0.1.0)
---------------------------- Captured stderr call -----------------------------
2026-03-11 11:35:06.338 | DEBUG    | backend.plugins.weather.client:get_coordinates:188 - Geocoded 'Rome' \u2192 (41.89193, 12.51133)\n2026-03-11 11:35:06.383 | DEBUG    | backend.plugins.weather.client:get_coordinates:188 - Geocoded 'Rome' \u2192 (41.89193, 12.51133)\n2026-03-11 11:35:06.415 | DEBUG    | backend.plugins.weather.client:get_coordinates:188 - Geocoded 'Rome' \u2192 (41.89193, 12.51133)\n2026-03-11 11:35:07.024 | DEBUG    | backend.services.conversation_file_manager:save:121 - Saved conversation file 480361d8-24f6-4670-ad51-4e2134dcffb0.json\n2026-03-11 11:35:07.025 | DEBUG    | backend.api.routes.chat:ws_chat:676 - WebSocket client disconnected\n2026-03-11 11:35:07.181 | DEBUG    | backend.services.conversation_file_manager:save:121 - Saved conversation file a5231f3e-ff7b-4290-b0de-6748e825e628.json\n2026-03-11 11:35:07.256 | ERROR    | backend.api.routes.chat:ws_chat:653 - DB commit error after streaming\nTraceback (most recent call last):\n\n  File "C:\\Python313\\Lib\\threading.py", line 1014, in _bootstrap\n    self._bootstrap_inner()\n    \u2502    \u2514 <function Thread._bootstrap_inner at 0x0000024496C62340>\n    \u2514 <Thread(asyncio-portal-244e810d010, started daemon 10552)>\n  File "C:\\Python313\\Lib\\threading.py", line 1043, in _bootstrap_inner\n    self.run()\n    \u2502    \u2514 <function Thread.run at 0x0000024496C620C0>\n    \u2514 <Thread(asyncio-portal-244e810d010, started daemon 10552)>\n  File "C:\\Python313\\Lib\\threading.py", line 994, in run\n    self._target(*self._args, **self._kwargs)\n    \u2502    \u2502        \u2502    \u2502        \u2502    \u2514 {}\n    \u2502    \u2502        \u2502    \u2502        \u2514 <Thread(asyncio-portal-244e810d010, started daemon 10552)>\n    \u2502    \u2502        \u2502    \u2514 ()\n    \u2502    \u2502        \u2514 <Thread(asyncio-portal-244e810d010, started daemon 10552)>\n    \u2502    \u2514 <function start_blocking_portal.<locals>.run_blocking_portal at 0x00000244EBDBE020>\n    \u2514 <Thread(asyncio-portal-244e810d010, started daemon 10552)>\n  File "C:\\Users\\zagor\\Desktop\\omnia\\backend\\.venv\\Lib\\site-packages\\anyio\\from_thread.py", line 532, in run_blocking_portal\n    run_eventloop(\n    \u2514 <function run at 0x0000024497EA9B20>\n  File "C:\\Users\\zagor\\Desktop\\omnia\\backend\\.venv\\Lib\\site-packages\\anyio\\_core\\_eventloop.py", line 77, in run\n    return async_backend.run(func, args, {}, backend_options)\n           \u2502             \u2502   \u2502     \u2502         \u2514 {}\n           \u2502             \u2502   \u2502     \u2514 ()\n           \u2502             \u2502   \u2514 <function start_blocking_portal.<locals>.run_portal at 0x00000244EBDBDEE0>\n           \u2502             \u2514 <classmethod(<function AsyncIOBackend.run at 0x0000024499B3AC00>)>\n           \u2514 <class 'anyio._backends._asyncio.AsyncIOBackend'>\n  File "C:\\Users\\zagor\\Desktop\\omnia\\backend\\.venv\\Lib\\site-packages\\anyio\\_backends\\_asyncio.py", line 2342, in run\n    return runner.run(wrapper())\n           \u2502      \u2502   \u2514 <function start_blocking_portal.<locals>.run_portal at 0x00000244EBD0BE20>\n           \u2502      \u2514 <function Runner.run at 0x0000024499A3E7A0>\n           \u2514 <asyncio.runners.Runner object at 0x00000244EBDD3350>\n  File "C:\\Python313\\Lib\\asyncio\\runners.py", line 118, in run\n    return self._loop.run_until_complete(task)\n           \u2502    \u2502     \u2502                  \u2514 <Task pending name='anyio.from_thread.start_blocking_portal.<locals>.run_portal' coro=<start_blocking_portal.<locals>.run_por...\n           \u2502    \u2502     \u2514 <function BaseEventLoop.run_until_complete at 0x0000024499A3C2C0>\n           \u2502    \u2514 <ProactorEventLoop running=True closed=False debug=False>\n           \u2514 <asyncio.runners.Runner object at 0x00000244EBDD3350>\n  File "C:\\Python313\\Lib\\asyncio\\base_events.py", line 712, in run_until_complete\n    self.run_forever()\n    \u2502    \u2514 <function BaseEventLoop.run_forever at 0x0000024499A3C220>\n    \u2514 <ProactorEventLoop running=True closed=False debug=False>\n  File "C:\\Python313\\Lib\\asyncio\\base_events.py", line 683, in run_forever\n    self._run_once()\n    \u2502    \u2514 <function BaseEventLoop._run_once at 0x0000024499A3E020>\n    \u2514 <ProactorEventLoop running=True closed=False debug=False>\n  File "C:\\Python313\\Lib\\asyncio\\base_events.py", line 2050, in _run_once\n    handle._run()\n    \u2502      \u2514 <function Handle._run at 0x00000244980EB4C0>\n    \u2514 <Handle Task.task_wakeup()>\n  File "C:\\Python313\\Lib\\asyncio\\events.py", line 89, in _run\n    self._context.run(self._callback, *self._args)\n    \u2502    \u2502            \u2502    \u2502           \u2502    \u2514 <member '_args' of 'Handle' objects>\n    \u2502    \u2502            \u2502    \u2502           \u2514 <Handle Task.task_wakeup()>\n    \u2502    \u2502            \u2502    \u2514 <member '_callback' of 'Handle' objects>\n    \u2502    \u2502            \u2514 <Handle Task.task_wakeup()>\n    \u2502    \u2514 <member '_context' of 'Handle' objects>\n    \u2514 <Handle Task.task_wakeup()>\n  File "C:\\Users\\zagor\\Desktop\\omnia\\backend\\.venv\\Lib\\site-packages\\anyio\\from_thread.py", line 259, in _call_func\n    retval = await retval_or_awaitable\n                   \u2514 <coroutine object WebSocketTestSession._run at 0x00000244EBD9DBC0>\n  File "C:\\Users\\zagor\\Desktop\\omnia\\backend\\.venv\\Lib\\site-packages\\starlette\\testclient.py", line 137, in _run\n    await self.app(self.scope, receive_rx.receive, send_tx.send)\n          \u2502    \u2502   \u2502    \u2502      \u2502          \u2502        \u2502       \u2514 <function MemoryObjectSendStream.send at 0x00000244980ABEC0>\n          \u2502    \u2502   \u2502    \u2502      \u2502          \u2502        \u2514 MemoryObjectSendStream(_state=_MemoryObjectStreamState(max_buffer_size=inf, buffer=deque([]), open_send_channels=1, open_rece...\n          \u2502    \u2502   \u2502    \u2502      \u2502          \u2514 <function MemoryObjectReceiveStream.receive at 0x00000244980AB6A0>\n          \u2502    \u2502   \u2502    \u2502      \u2514 MemoryObjectReceiveStream(_state=_MemoryObjectStreamState(max_buffer_size=inf, buffer=deque([]), open_send_channels=1, open_r...\n          \u2502    \u2502   \u2502    \u2514 {'type': 'websocket', 'path': '/api/ws/chat', 'raw_path': b'/api/ws/chat', 'root_path': '', 'scheme': 'ws', 'query_string': b...\n          \u2502    \u2502   \u2514 <starlette.testclient.WebSocketTestSession object at 0x0000024587932A80>\n          \u2502    \u2514 <fastapi.applications.FastAPI object at 0x000002449CA18550>\n          \u2514 <starlette.testclient.WebSocketTestSession object at 0x0000024587932A80>\n  File "C:\\Users\\zagor\\Desktop\\omnia\\backend\\.venv\\Lib\\site-packages\\fastapi\\applications.py", line 1160, in __call__\n    await super().__call__(scope, receive, send)\n                           \u2502      \u2502        \u2514 <bound method MemoryObjectSendStream.send of MemoryObjectSendStream(_state=_MemoryObjectStreamState(max_buffer_size=inf, buff...\n                           \u2502      \u2514 <bound method MemoryObjectReceiveStream.receive of MemoryObjectReceiveStream(_state=_MemoryObjectStreamState(max_buffer_size=...\n                           \u2514 {'type': 'websocket', 'path': '/api/ws/chat', 'raw_path': b'/api/ws/chat', 'root_path': '', 'scheme': 'ws', 'query_string': b...\n  File "C:\\Users\\zagor\\Desktop\\omnia\\backend\\.venv\\Lib\\site-packages\\starlette\\applications.py", line 107, in __call__\n    await self.middleware_stack(scope, receive, send)\n          \u2502    \u2502                \u2502      \u2502        \u2514 <bound method MemoryObjectSendStream.send of MemoryObjectSendStream(_state=_MemoryObjectStreamState(max_buffer_size=inf, buff...\n          \u2502    \u2502                \u2502      \u2514 <bound method MemoryObjectReceiveStream.receive of MemoryObjectReceiveStream(_state=_MemoryObjectStreamState(max_buffer_size=...\n          \u2502    \u2502                \u2514 {'type': 'websocket', 'path': '/api/ws/chat', 'raw_path': b'/api/ws/chat', 'root_path': '', 'scheme': 'ws', 'query_string': b...\n          \u2502    \u2514 <starlette.middleware.errors.ServerErrorMiddleware object at 0x00000245878F3950>\n          \u2514 <fastapi.applications.FastAPI object at 0x000002449CA18550>\n  File "C:\\Users\\zagor\\Desktop\\omnia\\backend\\.venv\\Lib\\site-packages\\starlette\\middleware\\errors.py", line 151, in __call__\n    await self.app(scope, receive, send)\n          \u2502    \u2502   \u2502      \u2502        \u2514 <bound method MemoryObjectSendStream.send of MemoryObjectSendStream(_state=_MemoryObjectStreamState(max_buffer_size=inf, buff...\n          \u2502    \u2502   \u2502      \u2514 <bound method MemoryObjectReceiveStream.receive of MemoryObjectReceiveStream(_state=_MemoryObjectStreamState(max_buffer_size=...\n          \u2502    \u2502   \u2514 {'type': 'websocket', 'path': '/api/ws/chat', 'raw_path': b'/api/ws/chat', 'root_path': '', 'scheme': 'ws', 'query_string': b...\n          \u2502    \u2514 <slowapi.middleware.SlowAPIMiddleware object at 0x00000245878F3CE0>\n          \u2514 <starlette.middleware.errors.ServerErrorMiddleware object at 0x00000245878F3950>\n  File "C:\\Users\\zagor\\Desktop\\omnia\\backend\\.venv\\Lib\\site-packages\\starlette\\middleware\\base.py", line 103, in __call__\n    await self.app(scope, receive, send)\n          \u2502    \u2502   \u2502      \u2502        \u2514 <bound method MemoryObjectSendStream.send of MemoryObjectSendStream(_state=_MemoryObjectStreamState(max_buffer_size=inf, buff...\n          \u2502    \u2502   \u2502      \u2514 <bound method MemoryObjectReceiveStream.receive of MemoryObjectReceiveStream(_state=_MemoryObjectStreamState(max_buffer_size=...\n          \u2502    \u2502   \u2514 {'type': 'websocket', 'path': '/api/ws/chat', 'raw_path': b'/api/ws/chat', 'root_path': '', 'scheme': 'ws', 'query_string': b...\n          \u2502    \u2514 <backend.api.middleware.origin_guard.OriginGuardMiddleware object at 0x00000245878F1480>\n          \u2514 <slowapi.middleware.SlowAPIMiddleware object at 0x00000245878F3CE0>\n\n  File "C:\\Users\\zagor\\Desktop\\omnia\\backend\\api\\middleware\\origin_guard.py", line 88, in __call__\n    await self.app(scope, receive, send)\n          \u2502    \u2502   \u2502      \u2502        \u2514 <bound method MemoryObjectSendStream.send of MemoryObjectSendStream(_state=_MemoryObjectStreamState(max_buffer_size=inf, buff...\n          \u2502    \u2502   \u2502      \u2514 <bound method MemoryObjectReceiveStream.receive of MemoryObjectReceiveStream(_state=_MemoryObjectStreamState(max_buffer_size=...\n          \u2502    \u2502   \u2514 {'type': 'websocket', 'path': '/api/ws/chat', 'raw_path': b'/api/ws/chat', 'root_path': '', 'scheme': 'ws', 'query_string': b...\n          \u2502    \u2514 <starlette.middleware.cors.CORSMiddleware object at 0x00000245878F1BA0>\n          \u2514 <backend.api.middleware.origin_guard.OriginGuardMiddleware object at 0x00000245878F1480>\n\n  File "C:\\Users\\zagor\\Desktop\\omnia\\backend\\.venv\\Lib\\site-packages\\starlette\\middleware\\cors.py", line 79, in __call__\n    await self.app(scope, receive, send)\n          \u2502    \u2502   \u2502      \u2502        \u2514 <bound method MemoryObjectSendStream.send of MemoryObjectSendStream(_state=_MemoryObjectStreamState(max_buffer_size=inf, buff...\n          \u2502    \u2502   \u2502      \u2514 <bound method MemoryObjectReceiveStream.receive of MemoryObjectReceiveStream(_state=_MemoryObjectStreamState(max_buffer_size=...\n          \u2502    \u2502   \u2514 {'type': 'websocket', 'path': '/api/ws/chat', 'raw_path': b'/api/ws/chat', 'root_path': '', 'scheme': 'ws', 'query_string': b...\n          \u2502    \u2514 <backend.api.middleware.exception_handler.UnhandledExceptionMiddleware object at 0x00000245878F3E10>\n          \u2514 <starlette.middleware.cors.CORSMiddleware object at 0x00000245878F1BA0>\n\n  File "C:\\Users\\zagor\\Desktop\\omnia\\backend\\api\\middleware\\exception_handler.py", line 30, in __call__\n    await self.app(scope, receive, send)\n          \u2502    \u2502   \u2502      \u2502        \u2514 <bound method MemoryObjectSendStream.send of MemoryObjectSendStream(_state=_MemoryObjectStreamState(max_buffer_size=inf, buff...\n          \u2502    \u2502   \u2502      \u2514 <bound method MemoryObjectReceiveStream.receive of MemoryObjectReceiveStream(_state=_MemoryObjectStreamState(max_buffer_size=...\n          \u2502    \u2502   \u2514 {'type': 'websocket', 'path': '/api/ws/chat', 'raw_path': b'/api/ws/chat', 'root_path': '', 'scheme': 'ws', 'query_string': b...\n          \u2502    \u2514 <starlette.middleware.exceptions.ExceptionMiddleware object at 0x00000245878F0FC0>\n          \u2514 <backend.api.middleware.exception_handler.UnhandledExceptionMiddleware object at 0x00000245878F3E10>\n\n  File "C:\\Users\\zagor\\Desktop\\omnia\\backend\\.venv\\Lib\\site-packages\\starlette\\middleware\\exceptions.py", line 63, in __call__\n    await wrap_app_handling_exceptions(self.app, conn)(scope, receive, send)\n          \u2502                            \u2502    \u2502    \u2502     \u2502      \u2502        \u2514 <bound method MemoryObjectSendStream.send of MemoryObjectSendStream(_state=_MemoryObjectStreamState(max_buffer_size=inf, buff...\n          \u2502                            \u2502    \u2502    \u2502     \u2502      \u2514 <bound method MemoryObjectReceiveStream.receive of MemoryObjectReceiveStream(_state=_MemoryObjectStreamState(max_buffer_size=...\n          \u2502                            \u2502    \u2502    \u2502     \u2514 {'type': 'websocket', 'path': '/api/ws/chat', 'raw_path': b'/api/ws/chat', 'root_path': '', 'scheme': 'ws', 'query_string': b...\n          \u2502                            \u2502    \u2502    \u2514 <starlette.websockets.WebSocket object at 0x00000244EBD87530>\n          \u2502                            \u2502    \u2514 <fastapi.middleware.asyncexitstack.AsyncExitStackMiddleware object at 0x00000245878F1A70>\n          \u2502                            \u2514 <starlette.middleware.exceptions.ExceptionMiddleware object at 0x00000245878F0FC0>\n          \u2514 <function wrap_app_handling_exceptions at 0x000002449B796A20>\n  File "C:\\Users\\zagor\\Desktop\\omnia\\backend\\.venv\\Lib\\site-packages\\starlette\\_exception_handler.py", line 42, in wrapped_app\n    await app(scope, receive, sender)\n          \u2502   \u2502      \u2502        \u2514 <function wrap_app_handling_exceptions.<locals>.wrapped_app.<locals>.sender at 0x00000244E8114AE0>\n          \u2502   \u2502      \u2514 <bound method MemoryObjectReceiveStream.receive of MemoryObjectReceiveStream(_state=_MemoryObjectStreamState(max_buffer_size=...\n          \u2502   \u2514 {'type': 'websocket', 'path': '/api/ws/chat', 'raw_path': b'/api/ws/chat', 'root_path': '', 'scheme': 'ws', 'query_string': b...\n          \u2514 <fastapi.middleware.asyncexitstack.AsyncExitStackMiddleware object at 0x00000245878F1A70>\n  File "C:\\Users\\zagor\\Desktop\\omnia\\backend\\.venv\\Lib\\site-packages\\fastapi\\middleware\\asyncexitstack.py", line 18, in __call__\n    await self.app(scope, receive, send)\n          \u2502    \u2502   \u2502      \u2502        \u2514 <function wrap_app_handling_exceptions.<locals>.wrapped_app.<locals>.sender at 0x00000244E8114AE0>\n          \u2502    \u2502   \u2502      \u2514 <bound method MemoryObjectReceiveStream.receive of MemoryObjectReceiveStream(_state=_MemoryObjectStreamState(max_buffer_size=...\n          \u2502    \u2502   \u2514 {'type': 'websocket', 'path': '/api/ws/chat', 'raw_path': b'/api/ws/chat', 'root_path': '', 'scheme': 'ws', 'query_string': b...\n          \u2502    \u2514 <fastapi.routing.APIRouter object at 0x00000244A02D7890>\n          \u2514 <fastapi.middleware.asyncexitstack.AsyncExitStackMiddleware object at 0x00000245878F1A70>\n  File "C:\\Users\\zagor\\Desktop\\omnia\\backend\\.venv\\Lib\\site-packages\\starlette\\routing.py", line 716, in __call__\n    await self.middleware_stack(scope, receive, send)\n          \u2502    \u2502                \u2502      \u2502        \u2514 <function wrap_app_handling_exceptions.<locals>.wrapped_app.<locals>.sender at 0x00000244E8114AE0>\n          \u2502    \u2502                \u2502      \u2514 <bound method MemoryObjectReceiveStream.receive of MemoryObjectReceiveStream(_state=_MemoryObjectStreamState(max_buffer_size=...\n          \u2502    \u2502                \u2514 {'type': 'websocket', 'path': '/api/ws/chat', 'raw_path': b'/api/ws/chat', 'root_path': '', 'scheme': 'ws', 'query_string': b...\n          \u2502    \u2514 <bound method Router.app of <fastapi.routing.APIRouter object at 0x00000244A02D7890>>\n          \u2514 <fastapi.routing.APIRouter object at 0x00000244A02D7890>\n  File "C:\\Users\\zagor\\Desktop\\omnia\\backend\\.venv\\Lib\\site-packages\\starlette\\routing.py", line 736, in app\n    await route.handle(scope, receive, send)\n          \u2502     \u2502      \u2502      \u2502        \u2514 <function wrap_app_handling_exceptions.<locals>.wrapped_app.<locals>.sender at 0x00000244E8114AE0>\n          \u2502     \u2502      \u2502      \u2514 <bound method MemoryObjectReceiveStream.receive of MemoryObjectReceiveStream(_state=_MemoryObjectStreamState(max_buffer_size=...\n          \u2502     \u2502      \u2514 {'type': 'websocket', 'path': '/api/ws/chat', 'raw_path': b'/api/ws/chat', 'root_path': '', 'scheme': 'ws', 'query_string': b...\n          \u2502     \u2514 <function WebSocketRoute.handle at 0x000002449B7D8720>\n          \u2514 APIWebSocketRoute(path='/api/ws/chat', name='ws_chat')\n  File "C:\\Users\\zagor\\Desktop\\omnia\\backend\\.venv\\Lib\\site-packages\\starlette\\routing.py", line 364, in handle\n    await self.app(scope, receive, send)\n          \u2502    \u2502   \u2502      \u2502        \u2514 <function wrap_app_handling_exceptions.<locals>.wrapped_app.<locals>.sender at 0x00000244E8114AE0>\n          \u2502    \u2502   \u2502      \u2514 <bound method MemoryObjectReceiveStream.receive of MemoryObjectReceiveStream(_state=_MemoryObjectStreamState(max_buffer_size=...\n          \u2502    \u2502   \u2514 {'type': 'websocket', 'path': '/api/ws/chat', 'raw_path': b'/api/ws/chat', 'root_path': '', 'scheme': 'ws', 'query_string': b...\n          \u2502    \u2514 <function websocket_session.<locals>.app at 0x00000244EBD1E340>\n          \u2514 APIWebSocketRoute(path='/api/ws/chat', name='ws_chat')\n  File "C:\\Users\\zagor\\Desktop\\omnia\\backend\\.venv\\Lib\\site-packages\\fastapi\\routing.py", line 156, in app\n    await wrap_app_handling_exceptions(app, session)(scope, receive, send)\n          \u2502                            \u2502    \u2502        \u2502      \u2502        \u2514 <function wrap_app_handling_exceptions.<locals>.wrapped_app.<locals>.sender at 0x00000244E8114AE0>\n          \u2502                            \u2502    \u2502        \u2502      \u2514 <bound method MemoryObjectReceiveStream.receive of MemoryObjectReceiveStream(_state=_MemoryObjectStreamState(max_buffer_size=...\n          \u2502                            \u2502    \u2502        \u2514 {'type': 'websocket', 'path': '/api/ws/chat', 'raw_path': b'/api/ws/chat', 'root_path': '', 'scheme': 'ws', 'query_string': b...\n          \u2502                            \u2502    \u2514 <starlette.websockets.WebSocket object at 0x00000244EBD87800>\n          \u2502                            \u2514 <function websocket_session.<locals>.app.<locals>.app at 0x00000244E8114B80>\n          \u2514 <function wrap_app_handling_exceptions at 0x000002449B796A20>\n  File "C:\\Users\\zagor\\Desktop\\omnia\\backend\\.venv\\Lib\\site-packages\\starlette\\_exception_handler.py", line 42, in wrapped_app\n    await app(scope, receive, sender)\n          \u2502   \u2502      \u2502        \u2514 <function wrap_app_handling_exceptions.<locals>.wrapped_app.<locals>.sender at 0x00000244E8114CC0>\n          \u2502   \u2502      \u2514 <bound method MemoryObjectReceiveStream.receive of MemoryObjectReceiveStream(_state=_MemoryObjectStreamState(max_buffer_size=...\n          \u2502   \u2514 {'type': 'websocket', 'path': '/api/ws/chat', 'raw_path': b'/api/ws/chat', 'root_path': '', 'scheme': 'ws', 'query_string': b...\n          \u2514 <function websocket_session.<locals>.app.<locals>.app at 0x00000244E8114B80>\n  File "C:\\Users\\zagor\\Desktop\\omnia\\backend\\.venv\\Lib\\site-packages\\fastapi\\routing.py", line 153, in app\n    await func(session)\n          \u2502    \u2514 <starlette.websockets.WebSocket object at 0x00000244EBD87800>\n          \u2514 <function get_websocket_app.<locals>.app at 0x00000244EBD1CE00>\n  File "C:\\Users\\zagor\\Desktop\\omnia\\backend\\.venv\\Lib\\site-packages\\fastapi\\routing.py", line 760, in app\n    await dependant.call(**solved_result.values)\n          \u2502         \u2502      \u2502             \u2514 {'websocket': <starlette.websockets.WebSocket object at 0x00000244EBD87800>}\n          \u2502         \u2502      \u2514 SolvedDependency(values={'websocket': <starlette.websockets.WebSocket object at 0x00000244EBD87800>}, errors=[], background_t...\n          \u2502         \u2514 <function ws_chat at 0x000002449CD2FBA0>\n          \u2514 Dependant(path_params=[], query_params=[], header_params=[], cookie_params=[], body_params=[], dependencies=[], name=None, ca...\n\n> File "C:\\Users\\zagor\\Desktop\\omnia\\backend\\api\\routes\\chat.py", line 644, in ws_chat\n    await session.commit()\n          \u2502       \u2514 <function AsyncSession.commit at 0x000002449C572DE0>\n          \u2514 <sqlmodel.ext.asyncio.session.AsyncSession object at 0x00000244D4EB7890>\n\n  File "C:\\Users\\zagor\\Desktop\\omnia\\backend\\.venv\\Lib\\site-packages\\sqlalchemy\\ext\\asyncio\\session.py", line 1000, in commit\n    await greenlet_spawn(self.sync_session.commit)\n          \u2502              \u2502    \u2502            \u2514 <function Session.commit at 0x000002449C4971A0>\n          \u2502              \u2502    \u2514 <sqlmodel.orm.session.Session object at 0x00000244EBDDFD40>\n          \u2502              \u2514 <sqlmodel.ext.asyncio.session.AsyncSession object at 0x00000244D4EB7890>\n          \u2514 <function greenlet_spawn at 0x000002449BAFCF40>\n  File "C:\\Users\\zagor\\Desktop\\omnia\\backend\\.venv\\Lib\\site-packages\\sqlalchemy\\util\\_concurrency_py3k.py", line 203, in greenlet_spawn\n    result = context.switch(value)\n             \u2502       \u2502      \u2514 None\n             \u2502       \u2514 <method 'switch' of 'greenlet.greenlet' objects>\n             \u2514 <_AsyncIoGreenlet object at 0x00000244EBDD6740 (otid=0x00000244EBDDB540) dead>\n  File "C:\\Users\\zagor\\Desktop\\omnia\\backend\\.venv\\Lib\\site-packages\\sqlalchemy\\orm\\session.py", line 2030, in commit\n    trans.commit(_to_root=True)\n    \u2502     \u2514 <function SessionTransaction.commit at 0x000002449C496160>\n    \u2514 <sqlalchemy.orm.session.SessionTransaction object at 0x00000244E8123E90>\n  File "<string>", line 2, in commit\n  File "C:\\Users\\zagor\\Desktop\\omnia\\backend\\.venv\\Lib\\site-packages\\sqlalchemy\\orm\\state_changes.py", line 137, in _go\n    ret_value = fn(self, *arg, **kw)\n                \u2502  \u2502      \u2502      \u2514 {'_to_root': True}\n                \u2502  \u2502      \u2514 ()\n                \u2502  \u2514 <sqlalchemy.orm.session.SessionTransaction object at 0x00000244E8123E90>\n                \u2514 <function SessionTransaction.commit at 0x000002449C4960C0>\n  File "C:\\Users\\zagor\\Desktop\\omnia\\backend\\.venv\\Lib\\site-packages\\sqlalchemy\\orm\\session.py", line 1311, in commit\n    self._prepare_impl()\n    \u2502    \u2514 <function SessionTransaction._prepare_impl at 0x000002449C495F80>\n    \u2514 <sqlalchemy.orm.session.SessionTransaction object at 0x00000244E8123E90>\n  File "<string>", line 2, in _prepare_impl\n  File "C:\\Users\\zagor\\Desktop\\omnia\\backend\\.venv\\Lib\\site-packages\\sqlalchemy\\orm\\state_changes.py", line 137, in _go\n    ret_value = fn(self, *arg, **kw)\n                \u2502  \u2502      \u2502      \u2514 {}\n                \u2502  \u2502      \u2514 ()\n                \u2502  \u2514 <sqlalchemy.orm.session.SessionTransaction object at 0x00000244E8123E90>\n                \u2514 <function SessionTransaction._prepare_impl at 0x000002449C495EE0>\n  File "C:\\Users\\zagor\\Desktop\\omnia\\backend\\.venv\\Lib\\site-packages\\sqlalchemy\\orm\\session.py", line 1286, in _prepare_impl\n    self.session.flush()\n    \u2502    \u2502       \u2514 <function Session.flush at 0x000002449C49E0C0>\n    \u2502    \u2514 <sqlmodel.orm.session.Session object at 0x00000244EBDDFD40>\n    \u2514 <sqlalchemy.orm.session.SessionTransaction object at 0x00000244E8123E90>\n  File "C:\\Users\\zagor\\Desktop\\omnia\\backend\\.venv\\Lib\\site-packages\\sqlalchemy\\orm\\session.py", line 4331, in flush\n    self._flush(objects)\n    \u2502    \u2502      \u2514 None\n    \u2502    \u2514 <function Session._flush at 0x000002449C49E2A0>\n    \u2514 <sqlmodel.orm.session.Session object at 0x00000244EBDDFD40>\n  File "C:\\Users\\zagor\\Desktop\\omnia\\backend\\.venv\\Lib\\site-packages\\sqlalchemy\\orm\\session.py", line 4466, in _flush\n    with util.safe_reraise():\n         \u2502    \u2514 <class 'sqlalchemy.util.langhelpers.safe_reraise'>\n         \u2514 <module 'sqlalchemy.util' from 'C:\\\\Users\\\\zagor\\\\Desktop\\\\omnia\\\\backend\\\\.venv\\\\Lib\\\\site-packages\\\\sqlalchemy\\\\util\\\\__ini...\n  File "C:\\Users\\zagor\\Desktop\\omnia\\backend\\.venv\\Lib\\site-packages\\sqlalchemy\\util\\langhelpers.py", line 121, in __exit__\n    raise exc_value.with_traceback(exc_tb)\n          \u2502         \u2502              \u2514 <traceback object at 0x00000244EBDD7340>\n          \u2502         \u2514 <method 'with_traceback' of 'BaseException' objects>\n          \u2514 StaleDataError("UPDATE statement on table 'conversations' expected to update 1 row(s); 0 were matched.")\n  File "C:\\Users\\zagor\\Desktop\\omnia\\backend\\.venv\\Lib\\site-packages\\sqlalchemy\\orm\\session.py", line 4427, in _flush\n    flush_context.execute()\n    \u2502             \u2514 <function UOWTransaction.execute at 0x000002449C4218A0>\n    \u2514 <sqlalchemy.orm.unitofwork.UOWTransaction object at 0x00000244D4F09860>\n  File "C:\\Users\\zagor\\Desktop\\omnia\\backend\\.venv\\Lib\\site-packages\\sqlalchemy\\orm\\unitofwork.py", line 466, in execute\n    rec.execute(self)\n    \u2502   \u2502       \u2514 <sqlalchemy.orm.unitofwork.UOWTransaction object at 0x00000244D4F09860>\n    \u2502   \u2514 <function SaveUpdateAll.execute at 0x000002449C4223E0>\n    \u2514 SaveUpdateAll(Mapper[Conversation(conversations)])\n  File "C:\\Users\\zagor\\Desktop\\omnia\\backend\\.venv\\Lib\\site-packages\\sqlalchemy\\orm\\unitofwork.py", line 642, in execute\n    util.preloaded.orm_persistence.save_obj(\n    \u2502    \u2502         \u2502               \u2514 <function save_obj at 0x000002449C4567A0>\n    \u2502    \u2502         \u2514 <module 'sqlalchemy.orm.persistence' from 'C:\\\\Users\\\\zagor\\\\Desktop\\\\omnia\\\\backend\\\\.venv\\\\Lib\\\\site-packages\\\\sqlalchemy\\\\...\n    \u2502    \u2514 <module 'sqlalchemy.util.preloaded' from 'C:\\\\Users\\\\zagor\\\\Desktop\\\\omnia\\\\backend\\\\.venv\\\\Lib\\\\site-packages\\\\sqlalchemy\\\\u...\n    \u2514 <module 'sqlalchemy.util' from 'C:\\\\Users\\\\zagor\\\\Desktop\\\\omnia\\\\backend\\\\.venv\\\\Lib\\\\site-packages\\\\sqlalchemy\\\\util\\\\__ini...\n  File "C:\\Users\\zagor\\Desktop\\omnia\\backend\\.venv\\Lib\\site-packages\\sqlalchemy\\orm\\persistence.py", line 85, in save_obj\n    _emit_update_statements(\n    \u2514 <function _emit_update_statements at 0x000002449C4576A0>\n  File "C:\\Users\\zagor\\Desktop\\omnia\\backend\\.venv\\Lib\\site-packages\\sqlalchemy\\orm\\persistence.py", line 948, in _emit_update_statements\n    raise orm_exc.StaleDataError(\n          \u2502       \u2514 <class 'sqlalchemy.orm.exc.StaleDataError'>\n          \u2514 <module 'sqlalchemy.orm.exc' from 'C:\\\\Users\\\\zagor\\\\Desktop\\\\omnia\\\\backend\\\\.venv\\\\Lib\\\\site-packages\\\\sqlalchemy\\\\orm\\\\exc...\n\nsqlalchemy.orm.exc.StaleDataError: UPDATE statement on table 'conversations' expected to update 1 row(s); 0 were matched.\n2026-03-11 11:35:07.448 | DEBUG    | backend.api.routes.chat:ws_chat:676 - WebSocket client disconnected
-------------------------- Captured stderr teardown ---------------------------
2026-03-11 11:35:08.717 | DEBUG    | backend.core.plugin_base:cleanup:129 - Plugin cleaned up
2026-03-11 11:35:08.717 | DEBUG    | backend.core.plugin_base:cleanup:129 - Plugin cleaned up
2026-03-11 11:35:08.717 | DEBUG    | backend.core.plugin_base:cleanup:129 - Plugin cleaned up
2026-03-11 11:35:08.717 | DEBUG    | backend.core.plugin_base:cleanup:129 - Plugin cleaned up
2026-03-11 11:35:08.717 | DEBUG    | backend.core.plugin_base:cleanup:129 - Plugin cleaned up
2026-03-11 11:35:08.717 | DEBUG    | backend.plugins.calendar.plugin:on_app_shutdown:211 - Reminder loop stopped
2026-03-11 11:35:08.717 | DEBUG    | backend.core.plugin_base:cleanup:129 - Plugin cleaned up
2026-03-11 11:35:08.718 | ERROR    | backend.core.plugin_manager:shutdown:218 - Plugin 'weather' cleanup error: Event loop is closed
2026-03-11 11:35:08.719 | DEBUG    | backend.core.plugin_base:cleanup:129 - Plugin cleaned up
2026-03-11 11:35:08.720 | DEBUG    | backend.core.plugin_base:cleanup:129 - Plugin cleaned up
2026-03-11 11:35:08.720 | DEBUG    | backend.core.plugin_base:cleanup:129 - Plugin cleaned up
2026-03-11 11:35:08.720 | DEBUG    | backend.core.plugin_base:cleanup:129 - Plugin cleaned up
2026-03-11 11:35:08.720 | DEBUG    | backend.core.plugin_base:cleanup:129 - Plugin cleaned up
2026-03-11 11:35:08.722 | INFO     | backend.core.plugin_manager:shutdown:225 - All plugins shut down
2026-03-11 11:35:08.723 | DEBUG    | backend.services.llm_service:close:1051 - LLMService httpx client closed
2026-03-11 11:35:08.723 | INFO     | backend.services.stt_service:_clear_model:303 - Releasing STT model reference
2026-03-11 11:35:08.874 | INFO     | backend.services.tts_service:stop:367 - TTS service stopped
2026-03-11 11:35:08.876 | INFO     | backend.services.vram_monitor:stop:117 - VRAM monitor stopped
2026-03-11 11:35:08.878 | ERROR    | backend.core.app:_lifespan:303 - Memory service shutdown error: Event loop is closed
2026-03-11 11:35:08.878 | INFO     | backend.services.task_scheduler:stop:106 - TaskScheduler stopped
2026-03-11 11:35:08.879 | INFO     | backend.core.app:_lifespan:310 - OMNIA backend stopped
=========================== short test summary info ===========================
FAILED tests/test_concurrent.py::TestConcurrentWebSocket::test_parallel_ws_within_connection_limit
1 failed, 1002 passed in 872.71s (0:14:32)
